

[root@diglib2 workarea]# pwd
/d1/workarea
[root@diglib2 workarea]# ls *.dtd 
ls: *.dtd: No such file or directory
[root@diglib2 workarea]# ls */*.dtd
ls: */*.dtd: No such file or directory
[root@diglib2 workarea]# ls */*/*.dtd
dlxs/mets/image.dtd  dlxs/search/modsSearch2.dtd  dlxs/search/modsSearch3.dtd  dlxs/search/modsSearch.dtd  dlxs/search/search.dtd
[root@diglib2 workarea]# ls */*/*/*.dtd
dlxs/bib/maps/modsSearch3.dtd           dlxs/search/spc/spc.dtd             dlxs/text/arrowArt/modsSearch3.dtd
dlxs/ead/olderVersions/modsSearch2.dtd  dlxs/text/arrow/arrowmont.dtd       dlxs/text/spc/archives.dtd
dlxs/search/spc/modsSearchComments.dtd  dlxs/text/arrowArt/modsSearch2.dtd  dlxs/text/spc/arrowmont.dtd
[root@diglib2 workarea]# 
[root@diglib2 workarea]# ls */*/*/*/*.dtd
dlxs/text/sgm/rules/teixlite.dtd
[root@diglib2 workarea]# ls */*/*/*/*/*.dtd
ls: */*/*/*/*/*.dtd: No such file or directory

=================================
[root@diglib2 workarea]# cd ..
[root@diglib2 d1]# pwd
/d1
[root@diglib2 d1]# cd dlxs
[root@diglib2 dlxs]# pwd
/d1/dlxs
[root@diglib2 dlxs]# ls *.dtd
ls: *.dtd: No such file or directory
[root@diglib2 dlxs]# ls */*.dtd
ls: */*.dtd: No such file or directory
[root@diglib2 dlxs]# ls */*/*.dtd
misc/sgml/bib.dtd           misc/sgml/idresolver.dtd  misc/sgml/oldimageimproved.dtd  misc/sgml/textclass.stripped.dtd
misc/sgml/bib-xml.dtd       misc/sgml/image10.dtd     misc/sgml/search.dtd            misc/sgml/wordwheel.dtd
misc/sgml/convert-bib.dtd   misc/sgml/image.dtd       misc/sgml/textclass2.dtd        prep/s/search-bib.dtd
misc/sgml/dlps-monthly.dtd  misc/sgml/oldimage.dtd    misc/sgml/textclass.dtd
[root@diglib2 dlxs]# ls */*/*/*.dtd
idx/s/search-bib/modsSearch2.dtd  prep/m/map-mods/modsSearch3.dtd         prep/t/tdh-bib/vv.dtd
obj/a/arr-bib/modsSearch.dtd      prep/m/mcc-bib/vv.dtd                   prep/t/tdh/old_tdh.textclass.dtd
prep/a/ar-mods/modsSearch3.dtd    prep/m/mccr-bib/vv.dtd                  prep/t/tdh/tdh.textclass.dtd
prep/a/arr-bib/modsSearch2.dtd    prep/m/mpm-bib/vv.dtd                   prep/t/tdhtif/tdhtif.textclass.dtd
prep/a/arr-bib/modsSearch3.dtd    prep/r/rth-bib/old_vv.dtd               prep/t/test-harv/harv.dtd
prep/a/arr-bib/modsSearch.dtd     prep/r/rth-bib/vv.dtd                   prep/t/test-harv/vv.dtd
prep/a/arr-mods/modsSearch2.dtd   prep/s/samplefa/ead1.dtd                prep/u/ual-bib/vv.dtd
prep/a/arr-mods/modsSearch3.dtd   prep/s/sampletc/sampletc.textclass.dtd  prep/u/ualr-bib/vv.dtd
prep/a/arro/arro.textclass.dtd    prep/s/sampletc/textclass.stripped.dtd  prep/u/uht-bib/vv.dtd
prep/a/arrt/arrt.textclass.dtd    prep/s/search-bib/modsSearch2.dtd       prep/u/uky-bib/vv.dtd
prep/a/arrt/tdh.textclass.dtd     prep/s/search-bib/modsSearch.dtd        prep/u/utcat-bib/vv.dtd
prep/e/eadbib/vv.dtd              prep/s/search-bib/search.dtd            prep/v/vv2/bib.dtd
prep/e/egy-bib/vv.dtd             prep/s/search-mods/modsSearch2.dtd      prep/v/vvb/vvt.textclass.dtd
prep/e/emn/emn.textclass.dtd      prep/s/shld-bib/vv.dtd                  prep/v/vvo/vvt.textclass.dtd
prep/e/emn-mods/modsSearch3.dtd   prep/s/spc-bib/modsSearch3.dtd          prep/v/vvs-bib/modsSearch3.dtd
prep/e/emn-mods/modsSearch4.dtd   prep/s/spc-bib/modsSearch.dtd           prep/v/vvs-bib/modsSearch.dtd
prep/e/emn/spct.textclass.dtd     prep/s/spcd-bib/modsSearch.dtd          prep/v/vv/sgml_vv.dtd
prep/e/etd-bib/vv.dtd             prep/s/spc/modsSearch.dtd               prep/v/vvs-mods/modsSearch3.dtd
prep/f/fa-bib/vv.dtd              prep/s/spc/spc.dtd                      prep/v/vvt/spct.textclass.dtd
prep/f/fa-mods/modsSearch3.dtd    prep/s/spct-bib/vv.dtd                  prep/v/vvt/vvt.textclass.dtd
prep/g/gar-bib/vv.dtd             prep/s/spct/spct.textclass.dtd          prep/v/vv/vv.dtd
prep/j/jei-bib/vv.dtd             prep/t/stdfiles/tdh0210.textclass.dtd   prep/w/wcc-bib/vv.dtd
[root@diglib2 dlxs]# ls */*/*/*.dtd
idx/s/search-bib/modsSearch2.dtd  prep/m/map-mods/modsSearch3.dtd         prep/t/tdh-bib/vv.dtd
obj/a/arr-bib/modsSearch.dtd      prep/m/mcc-bib/vv.dtd                   prep/t/tdh/old_tdh.textclass.dtd
prep/a/ar-mods/modsSearch3.dtd    prep/m/mccr-bib/vv.dtd                  prep/t/tdh/tdh.textclass.dtd
prep/a/arr-bib/modsSearch2.dtd    prep/m/mpm-bib/vv.dtd                   prep/t/tdhtif/tdhtif.textclass.dtd
prep/a/arr-bib/modsSearch3.dtd    prep/r/rth-bib/old_vv.dtd               prep/t/test-harv/harv.dtd
prep/a/arr-bib/modsSearch.dtd     prep/r/rth-bib/vv.dtd                   prep/t/test-harv/vv.dtd
prep/a/arr-mods/modsSearch2.dtd   prep/s/samplefa/ead1.dtd                prep/u/ual-bib/vv.dtd
prep/a/arr-mods/modsSearch3.dtd   prep/s/sampletc/sampletc.textclass.dtd  prep/u/ualr-bib/vv.dtd
prep/a/arro/arro.textclass.dtd    prep/s/sampletc/textclass.stripped.dtd  prep/u/uht-bib/vv.dtd
prep/a/arrt/arrt.textclass.dtd    prep/s/search-bib/modsSearch2.dtd       prep/u/uky-bib/vv.dtd
prep/a/arrt/tdh.textclass.dtd     prep/s/search-bib/modsSearch.dtd        prep/u/utcat-bib/vv.dtd
prep/e/eadbib/vv.dtd              prep/s/search-bib/search.dtd            prep/v/vv2/bib.dtd
prep/e/egy-bib/vv.dtd             prep/s/search-mods/modsSearch2.dtd      prep/v/vvb/vvt.textclass.dtd
prep/e/emn/emn.textclass.dtd      prep/s/shld-bib/vv.dtd                  prep/v/vvo/vvt.textclass.dtd
prep/e/emn-mods/modsSearch3.dtd   prep/s/spc-bib/modsSearch3.dtd          prep/v/vvs-bib/modsSearch3.dtd
prep/e/emn-mods/modsSearch4.dtd   prep/s/spc-bib/modsSearch.dtd           prep/v/vvs-bib/modsSearch.dtd
prep/e/emn/spct.textclass.dtd     prep/s/spcd-bib/modsSearch.dtd          prep/v/vv/sgml_vv.dtd
prep/e/etd-bib/vv.dtd             prep/s/spc/modsSearch.dtd               prep/v/vvs-mods/modsSearch3.dtd
prep/f/fa-bib/vv.dtd              prep/s/spc/spc.dtd                      prep/v/vvt/spct.textclass.dtd
prep/f/fa-mods/modsSearch3.dtd    prep/s/spct-bib/vv.dtd                  prep/v/vvt/vvt.textclass.dtd
prep/g/gar-bib/vv.dtd             prep/s/spct/spct.textclass.dtd          prep/v/vv/vv.dtd
prep/j/jei-bib/vv.dtd             prep/t/stdfiles/tdh0210.textclass.dtd   prep/w/wcc-bib/vv.dtd
[root@diglib2 dlxs]# ls */*/*/*/*.dtd
idx/t/test-harv/backup/bib.dtd   prep/a/arr-bib/old/modsSearch.dtd  prep/s/spc-bib/old/old_spc-bib.dtd  prep/s/spcd-bib/old/spc-bib.dtd
idx/t/test-harv/backup/harv.dtd  prep/s/spc-bib/old/modsSearch.dtd  prep/s/spc-bib/old/spc-bib.dtd
[root@diglib2 dlxs]# ls */*/*/*/*/*.dtd
web/d/dlxsdocs/class/bib/bib.dtd  web/d/dlxsdocs/class/bib/bib-xml.dtd
[root@diglib2 dlxs]# ls */*/*/*/*/*.dtd
web/d/dlxsdocs/class/bib/bib.dtd  web/d/dlxsdocs/class/bib/bib-xml.dtd
[root@diglib2 dlxs]# ls */*/*/*/*/*/*.dtd
web/d/dlxsdocs/class/image/image-dtd/image.dtd
[root@diglib2 dlxs]# ls */*/*/*/*/*/*/*.dtd
ls: */*/*/*/*/*/*/*.dtd: No such file or directory

====================

/d1/dlxs/misc/sgml/image.dtd